---
source: crates/jot-tui/tests/render.rs
expression: render(&mut app)
---
┌ search: alpha▏───────────────────────────────────────────────────────┐
│   id-----------  alphabet  [age]                                     │
│   id-----------  alpha     [age]                                     │
│                                                                      │
│                                                                      │
│                                                                      │
│                                                                      │
│                                                                      │
│                                                                      │
│                                                                      │
└──────────────────────────────────────────────────────────────────────┘
 typing — Enter to accept, Tab or Esc to leave
