---
source: crates/jot-tui/tests/render.rs
expression: render(&app)
---
┌ search: alpha▏───────────────────────────────────────────────────────┐
│  alphabet                                                          [age]│
│  alpha                                                             [age]│
│                                                                      │
│                                                                      │
│                                                                      │
│                                                                      │
│                                                                      │
│                                                                      │
│                                                                      │
└──────────────────────────────────────────────────────────────────────┘
 typing — Enter to accept, Esc to stop
