---
source: crates/jot-tui/tests/render.rs
expression: render(&mut app)
---
┌ timeline — every note ───────────────────────────────────────────────┐
│   id-----------  third           [age]                               │
│   id-----------  second thought  [age]                               │
│   id-----------  first thought   [age]                               │
│                                                                      │
│                                                                      │
│                                                                      │
│                                                                      │
│                                                                      │
│                                                                      │
└──────────────────────────────────────────────────────────────────────┘
 1/3  Space  n  r  q  e  x  ·  Tab  f  /  ·  ?  q
