---
source: crates/jot-tui/tests/render.rs
expression: render(&app)
---
┌ timeline — thread roots ─────────────────────────────────────────────┐
│  third                                                             [age]│
│  second thought                                                    [age]│
│  first thought                                                     [age]│
│                                                                      │
│                                                                      │
│                                                                      │
│                                                                      │
│                                                                      │
│                                                                      │
└──────────────────────────────────────────────────────────────────────┘
 1/3  j move  Enter open  u up  Tab view  n new  ? help  Space q quit
