---
source: crates/jot-tui/tests/render.rs
expression: render(&mut app)
---
┌ files — sort: oldest ────────────────────────────────────────────────┐
│  id-----------  b note  [age]                                           │
│  id-----------  a note  [age]                                           │
│                                                                      │
│                                                                      │
│                                                                      │
│                                                                      │
│                                                                      │
│                                                                      │
│                                                                      │
└──────────────────────────────────────────────────────────────────────┘
 sort: oldest
